Danny@Matthews MINGW32 ~/Documents/java code
$ dir
Java_Code_Repository  Java_Code_Repository\ -\ Shortcut.lnk

Danny@Matthews MINGW32 ~/Documents/java code
$ ls
 Java_Code_Repository/  'Java_Code_Repository - Shortcut.lnk'*

Danny@Matthews MINGW32 ~/Documents/java code
$ cd Java_Code_Repository

Danny@Matthews MINGW32 ~/Documents/java code/Java_Code_Repository
$ git clone https://github.com/danmatthews26/Java-Code-.git
Cloning into 'Java-Code-'...
remote: Counting objects: 11, done.
remote: Compressing objects: 100% (9/9), done.
remote: Total 11 (delta 1), reused 0 (delta 0), pack-reused 0
Unpacking objects: 100% (11/11), done.

Danny@Matthews MINGW32 ~/Documents/java code/Java_Code_Repository
$ git config --global user.name "danmatthews26"

Danny@Matthews MINGW32 ~/Documents/java code/Java_Code_Repository
$ git config --global user.email matthewsdan629@gmail.com

Danny@Matthews MINGW32 ~/Documents/java code/Java_Code_Repository
$ git add .
fatal: Not a git repository (or any of the parent directories): .git

Danny@Matthews MINGW32 ~/Documents/java code/Java_Code_Repository
$ cd Java-Code-

Danny@Matthews MINGW32 ~/Documents/java code/Java_Code_Repository/Java-Code- (master)
$ git add .

Danny@Matthews MINGW32 ~/Documents/java code/Java_Code_Repository/Java-Code- (master)
$ git add .

Danny@Matthews MINGW32 ~/Documents/java code/Java_Code_Repository/Java-Code- (master)
$ git add .

Danny@Matthews MINGW32 ~/Documents/java code/Java_Code_Repository/Java-Code- (master)
$ git add notes

Danny@Matthews MINGW32 ~/Documents/java code/Java_Code_Repository/Java-Code- (master)
$ git add /notes
fatal: C:/Program Files (x86)/Git/notes: 'C:/Program Files (x86)/Git/notes' is outside repository

Danny@Matthews MINGW32 ~/Documents/java code/Java_Code_Repository/Java-Code- (master)
$ git commit -m "Add folder"
[master 538b9c1] Add folder
 1 file changed, 23 insertions(+)
 create mode 100644 Notes/SourceFileDeclarationRules.txt

Danny@Matthews MINGW32 ~/Documents/java code/Java_Code_Repository/Java-Code- (master)
$ git push origin
To https://github.com/danmatthews26/Java-Code-.git
 ! [rejected]        master -> master (fetch first)
error: failed to push some refs to 'https://github.com/danmatthews26/Java-Code-.git'
hint: Updates were rejected because the remote contains work that you do
hint: not have locally. This is usually caused by another repository pushing
hint: to the same ref. You may want to first integrate the remote changes
hint: (e.g., 'git pull ...') before pushing again.
hint: See the 'Note about fast-forwards' in 'git push --help' for details.

Danny@Matthews MINGW32 ~/Documents/java code/Java_Code_Repository/Java-Code- (master)
$ git push origin master
To https://github.com/danmatthews26/Java-Code-.git
 ! [rejected]        master -> master (fetch first)
error: failed to push some refs to 'https://github.com/danmatthews26/Java-Code-.git'
hint: Updates were rejected because the remote contains work that you do
hint: not have locally. This is usually caused by another repository pushing
hint: to the same ref. You may want to first integrate the remote changes
hint: (e.g., 'git pull ...') before pushing again.
hint: See the 'Note about fast-forwards' in 'git push --help' for details.

Danny@Matthews MINGW32 ~/Documents/java code/Java_Code_Repository/Java-Code- (master)
$ git pull
remote: Counting objects: 2, done.
remote: Compressing objects: 100% (2/2), done.
remote: Total 2 (delta 1), reused 0 (delta 0), pack-reused 0
Unpacking objects: 100% (2/2), done.
From https://github.com/danmatthews26/Java-Code-
   c1a141f..e11d722  master     -> origin/master
Removing SourceFileDeclarationRules
Merge made by the 'recursive' strategy.
 SourceFileDeclarationRules | 23 -----------------------
 1 file changed, 23 deletions(-)
 delete mode 100644 SourceFileDeclarationRules

Danny@Matthews MINGW32 ~/Documents/java code/Java_Code_Repository/Java-Code- (master)
$ git push origin master
Counting objects: 6, done.
Delta compression using up to 4 threads.
Compressing objects: 100% (6/6), done.
Writing objects: 100% (6/6), 1.12 KiB | 0 bytes/s, done.
Total 6 (delta 2), reused 0 (delta 0)
remote: Resolving deltas: 100% (2/2), completed with 1 local object.
To https://github.com/danmatthews26/Java-Code-.git
   e11d722..d0ff800  master -> master

Danny@Matthews MINGW32 ~/Documents/java code/Java_Code_Repository/Java-Code- (master)
$

